Traceback (most recent call last):
  File "C:\Users\mgebremedhin\AppData\Local\miniconda3\Lib\site-packages\jupyter_cache\executors\utils.py", line 58, in single_nb_execution
    executenb(
  File "C:\Users\mgebremedhin\AppData\Local\miniconda3\Lib\site-packages\nbclient\client.py", line 1314, in execute
    return NotebookClient(nb=nb, resources=resources, km=km, **kwargs).execute()
           ^^^^^^^^^^^^^^^^^^^^^^^^^^^^^^^^^^^^^^^^^^^^^^^^^^^^^^^^^^^^^^^^^^^^^
  File "C:\Users\mgebremedhin\AppData\Local\miniconda3\Lib\site-packages\jupyter_core\utils\__init__.py", line 165, in wrapped
    return loop.run_until_complete(inner)
           ^^^^^^^^^^^^^^^^^^^^^^^^^^^^^^
  File "C:\Users\mgebremedhin\AppData\Local\miniconda3\Lib\asyncio\base_events.py", line 687, in run_until_complete
    return future.result()
           ^^^^^^^^^^^^^^^
  File "C:\Users\mgebremedhin\AppData\Local\miniconda3\Lib\site-packages\nbclient\client.py", line 709, in async_execute
    await self.async_execute_cell(
  File "C:\Users\mgebremedhin\AppData\Local\miniconda3\Lib\site-packages\nbclient\client.py", line 1062, in async_execute_cell
    await self._check_raise_for_error(cell, cell_index, exec_reply)
  File "C:\Users\mgebremedhin\AppData\Local\miniconda3\Lib\site-packages\nbclient\client.py", line 918, in _check_raise_for_error
    raise CellExecutionError.from_cell_and_msg(cell, exec_reply_content)
nbclient.exceptions.CellExecutionError: An error occurred while executing the following cell:
------------------
import xarray as xr
import matplotlib.pyplot as plt
import cartopy.crs as ccrs
import cartopy.feature as cfeature

# Define Florida's bounding box
florida_bounds = {
    'lon_min': -81.39207,
    'lon_max': -80.09851,
    'lat_min': 25.10831,
    'lat_max': 25.96406
}
#upper_left  -81.39207 25.96406
#upper_right -80.09851 25.96406
#lower_right -80.09851 25.10831 
#lower_left  -81.39207 25.10831 

# PC, Tmax, and Tmin variables setup (common code block)
variables = ['prcp', 'tmax', 'tmin']  # List of variables to loop over

# Define the model names
model_names = [
    'ACCESS-CM2', 'BCC-CSM2-MR', 'CNRM-ESM2-1', 
    'MPI-ESM1-2-HR', 'MRI-ESM2-0', 'NorESM2-MM',
    'ACCESS-CM2', 'BCC-CSM2-MR', 'CNRM-ESM2-1',
    'MPI-ESM1-2-HR', 'MRI-ESM2-0', 'NorESM2-MM'
]

# Units setup based on variables
units = {
    'prcp': 'Precipitation [mm/year]',
    'tmax': 'Tmax [°C]',
    'tmin': 'Tmin [°C]'
}

for variable in variables:
    # Paths to the NetCDF files based on variable
    file_paths = [ 
        f'PCP/ACCESS-CM2_ssp585_r1i1p1f1_RegCM_Daymet_VIC4_{variable}_yr_1980_2019.nc',
        f'PCP/BCC-CSM2-MR_ssp585_r1i1p1f1_RegCM_Daymet_VIC4_{variable}_yr_1980_2019.nc',
        f'PCP/CNRM-ESM2-1_ssp585_r1i1p1f2_RegCM_Daymet_VIC4_{variable}_yr_1980_2019.nc',
        f'PCP/MPI-ESM1-2-HR_ssp585_r1i1p1f1_RegCM_Daymet_VIC4_{variable}_yr_1980_2019.nc',
        f'PCP/MRI-ESM2-0_ssp585_r1i1p1f1_RegCM_Daymet_VIC4_{variable}_yr_1980_2019.nc',
        f'PCP/NorESM2-MM_ssp585_r1i1p1f1_RegCM_Daymet_VIC4_{variable}_yr_1980_2019.nc',
        f'PCP/ACCESS-CM2_ssp585_r1i1p1f1_RegCM_Daymet_VIC4_{variable}_yr_2020_2059.nc',
        f'PCP/BCC-CSM2-MR_ssp585_r1i1p1f1_RegCM_Daymet_VIC4_{variable}_yr_2020_2059.nc',
        f'PCP/CNRM-ESM2-1_ssp585_r1i1p1f2_RegCM_Daymet_VIC4_{variable}_yr_2020_2059.nc',
        f'PCP/MPI-ESM1-2-HR_ssp585_r1i1p1f1_RegCM_Daymet_VIC4_{variable}_yr_2020_2059.nc',
        f'PCP/MRI-ESM2-0_ssp585_r1i1p1f1_RegCM_Daymet_VIC4_{variable}_yr_2020_2059.nc',
        f'PCP/NorESM2-MM_ssp585_r1i1p1f1_RegCM_Daymet_VIC4_{variable}_yr_2020_2059.nc'
    ]

    # Set up plotting grid
    fig, axes = plt.subplots(2, 6, figsize=(18, 6), subplot_kw={'projection': ccrs.PlateCarree()})
    axes = axes.flatten()

    data_ranges = []  # To determine min and max across all data

    for idx, file_path in enumerate(file_paths):
        # Open dataset and select the data slice
        ds = xr.open_dataset(file_path, decode_times=False)
        data_slice = ds[variable].sel(
            lon=slice(florida_bounds['lon_min'], florida_bounds['lon_max']),
            lat=slice(florida_bounds['lat_min'], florida_bounds['lat_max'])
        ).isel(time=0)  # Select first time step
        data_ranges.append((float(data_slice.min()), float(data_slice.max())))

        # Plot the data slice
        im = axes[idx].pcolormesh(
            data_slice['lon'], data_slice['lat'], data_slice,
            cmap='viridis' if variable == 'prcp' else 'coolwarm', shading='auto', transform=ccrs.PlateCarree()
        )
        axes[idx].coastlines()
        axes[idx].add_feature(cfeature.BORDERS, linestyle=':')
        axes[idx].add_feature(cfeature.STATES, linestyle=':', edgecolor='gray')
        axes[idx].set_extent([florida_bounds['lon_min'], florida_bounds['lon_max'],
                              florida_bounds['lat_min'], florida_bounds['lat_max']], crs=ccrs.PlateCarree())
        axes[idx].set_title(f'{variable.upper()} - {model_names[idx]}')

        # Close dataset
        ds.close()

    # Determine common color scale based on combined data range
    vmin = min(r[0] for r in data_ranges)
    vmax = max(r[1] for r in data_ranges)

    # Re-scale all plots to common color range
    for ax in axes:
        if ax.collections:  # Ensure the axis has a plot
            im.set_clim(vmin, vmax)

    # Add a single color bar with adjusted fraction and pad
    cax = fig.add_axes([0.92, 0.28, 0.01, 0.58])  # Adjust the position and size of the colorbar
    cbar = fig.colorbar(im, cax=cax, orientation='vertical')
    cbar.set_label(f"{units[variable]}")  # Update the label based on your datasets' units

    # Add common titles for the first six and next six figures
    fig.suptitle(f'{variable.upper()}: baseline (1980-2019)', fontsize=16, y=0.95)
    fig.text(0.5, 0.55, f'{variable.upper()}: near-future (2020-2059) under SSP585', ha='center', va='bottom', fontsize=16)

    # Adjust spacing to narrow the distance between the rows and columns
    plt.subplots_adjust(hspace=0.3, wspace=0.1, bottom=0.25)

    # Save the figure
    plt.savefig(f'{variable.upper()}_Baseline_Near-Future_{variable.upper()}.png', dpi=300, bbox_inches='tight')

    # Display the plot
    plt.show()

------------------


[1;31m---------------------------------------------------------------------------[0m
[1;31mKeyError[0m                                  Traceback (most recent call last)
File [1;32m~\AppData\Local\miniconda3\Lib\site-packages\xarray\backends\file_manager.py:211[0m, in [0;36mCachingFileManager._acquire_with_cache_info[1;34m(self, needs_lock)[0m
[0;32m    210[0m [38;5;28;01mtry[39;00m:
[1;32m--> 211[0m     file [38;5;241m=[39m [38;5;28;43mself[39;49m[38;5;241;43m.[39;49m[43m_cache[49m[43m[[49m[38;5;28;43mself[39;49m[38;5;241;43m.[39;49m[43m_key[49m[43m][49m
[0;32m    212[0m [38;5;28;01mexcept[39;00m [38;5;167;01mKeyError[39;00m:

File [1;32m~\AppData\Local\miniconda3\Lib\site-packages\xarray\backends\lru_cache.py:56[0m, in [0;36mLRUCache.__getitem__[1;34m(self, key)[0m
[0;32m     55[0m [38;5;28;01mwith[39;00m [38;5;28mself[39m[38;5;241m.[39m_lock:
[1;32m---> 56[0m     value [38;5;241m=[39m [38;5;28;43mself[39;49m[38;5;241;43m.[39;49m[43m_cache[49m[43m[[49m[43mkey[49m[43m][49m
[0;32m     57[0m     [38;5;28mself[39m[38;5;241m.[39m_cache[38;5;241m.[39mmove_to_end(key)

[1;31mKeyError[0m: [<class 'netCDF4._netCDF4.Dataset'>, ('C:\\Users\\mgebremedhin\\Documents\\FGCU\\Notebook\\NBI\\_sources\\PCP\\ACCESS-CM2_ssp585_r1i1p1f1_RegCM_Daymet_VIC4_prcp_yr_1980_2019.nc',), 'r', (('clobber', True), ('diskless', False), ('format', 'NETCDF4'), ('persist', False)), 'ab95b4cd-0746-4433-852a-a0cdd962094b']

During handling of the above exception, another exception occurred:

[1;31mFileNotFoundError[0m                         Traceback (most recent call last)
Cell [1;32mIn[1], line 61[0m
[0;32m     57[0m data_ranges [38;5;241m=[39m []  [38;5;66;03m# To determine min and max across all data[39;00m
[0;32m     59[0m [38;5;28;01mfor[39;00m idx, file_path [38;5;129;01min[39;00m [38;5;28menumerate[39m(file_paths):
[0;32m     60[0m     [38;5;66;03m# Open dataset and select the data slice[39;00m
[1;32m---> 61[0m     ds [38;5;241m=[39m [43mxr[49m[38;5;241;43m.[39;49m[43mopen_dataset[49m[43m([49m[43mfile_path[49m[43m,[49m[43m [49m[43mdecode_times[49m[38;5;241;43m=[39;49m[38;5;28;43;01mFalse[39;49;00m[43m)[49m
[0;32m     62[0m     data_slice [38;5;241m=[39m ds[variable][38;5;241m.[39msel(
[0;32m     63[0m         lon[38;5;241m=[39m[38;5;28mslice[39m(florida_bounds[[38;5;124m'[39m[38;5;124mlon_min[39m[38;5;124m'[39m], florida_bounds[[38;5;124m'[39m[38;5;124mlon_max[39m[38;5;124m'[39m]),
[0;32m     64[0m         lat[38;5;241m=[39m[38;5;28mslice[39m(florida_bounds[[38;5;124m'[39m[38;5;124mlat_min[39m[38;5;124m'[39m], florida_bounds[[38;5;124m'[39m[38;5;124mlat_max[39m[38;5;124m'[39m])
[0;32m     65[0m     )[38;5;241m.[39misel(time[38;5;241m=[39m[38;5;241m0[39m)  [38;5;66;03m# Select first time step[39;00m
[0;32m     66[0m     data_ranges[38;5;241m.[39mappend(([38;5;28mfloat[39m(data_slice[38;5;241m.[39mmin()), [38;5;28mfloat[39m(data_slice[38;5;241m.[39mmax())))

File [1;32m~\AppData\Local\miniconda3\Lib\site-packages\xarray\backends\api.py:670[0m, in [0;36mopen_dataset[1;34m(filename_or_obj, engine, chunks, cache, decode_cf, mask_and_scale, decode_times, decode_timedelta, use_cftime, concat_characters, decode_coords, drop_variables, inline_array, chunked_array_type, from_array_kwargs, backend_kwargs, **kwargs)[0m
[0;32m    658[0m decoders [38;5;241m=[39m _resolve_decoders_kwargs(
[0;32m    659[0m     decode_cf,
[0;32m    660[0m     open_backend_dataset_parameters[38;5;241m=[39mbackend[38;5;241m.[39mopen_dataset_parameters,
[1;32m   (...)[0m
[0;32m    666[0m     decode_coords[38;5;241m=[39mdecode_coords,
[0;32m    667[0m )
[0;32m    669[0m overwrite_encoded_chunks [38;5;241m=[39m kwargs[38;5;241m.[39mpop([38;5;124m"[39m[38;5;124moverwrite_encoded_chunks[39m[38;5;124m"[39m, [38;5;28;01mNone[39;00m)
[1;32m--> 670[0m backend_ds [38;5;241m=[39m [43mbackend[49m[38;5;241;43m.[39;49m[43mopen_dataset[49m[43m([49m
[0;32m    671[0m [43m    [49m[43mfilename_or_obj[49m[43m,[49m
[0;32m    672[0m [43m    [49m[43mdrop_variables[49m[38;5;241;43m=[39;49m[43mdrop_variables[49m[43m,[49m
[0;32m    673[0m [43m    [49m[38;5;241;43m*[39;49m[38;5;241;43m*[39;49m[43mdecoders[49m[43m,[49m
[0;32m    674[0m [43m    [49m[38;5;241;43m*[39;49m[38;5;241;43m*[39;49m[43mkwargs[49m[43m,[49m
[0;32m    675[0m [43m[49m[43m)[49m
[0;32m    676[0m ds [38;5;241m=[39m _dataset_from_backend_dataset(
[0;32m    677[0m     backend_ds,
[0;32m    678[0m     filename_or_obj,
[1;32m   (...)[0m
[0;32m    688[0m     [38;5;241m*[39m[38;5;241m*[39mkwargs,
[0;32m    689[0m )
[0;32m    690[0m [38;5;28;01mreturn[39;00m ds

File [1;32m~\AppData\Local\miniconda3\Lib\site-packages\xarray\backends\netCDF4_.py:666[0m, in [0;36mNetCDF4BackendEntrypoint.open_dataset[1;34m(self, filename_or_obj, mask_and_scale, decode_times, concat_characters, decode_coords, drop_variables, use_cftime, decode_timedelta, group, mode, format, clobber, diskless, persist, auto_complex, lock, autoclose)[0m
[0;32m    644[0m [38;5;28;01mdef[39;00m [38;5;21mopen_dataset[39m(
[0;32m    645[0m     [38;5;28mself[39m,
[0;32m    646[0m     filename_or_obj: [38;5;28mstr[39m [38;5;241m|[39m os[38;5;241m.[39mPathLike[Any] [38;5;241m|[39m ReadBuffer [38;5;241m|[39m AbstractDataStore,
[1;32m   (...)[0m
[0;32m    663[0m     autoclose[38;5;241m=[39m[38;5;28;01mFalse[39;00m,
[0;32m    664[0m ) [38;5;241m-[39m[38;5;241m>[39m Dataset:
[0;32m    665[0m     filename_or_obj [38;5;241m=[39m _normalize_path(filename_or_obj)
[1;32m--> 666[0m     store [38;5;241m=[39m [43mNetCDF4DataStore[49m[38;5;241;43m.[39;49m[43mopen[49m[43m([49m
[0;32m    667[0m [43m        [49m[43mfilename_or_obj[49m[43m,[49m
[0;32m    668[0m [43m        [49m[43mmode[49m[38;5;241;43m=[39;49m[43mmode[49m[43m,[49m
[0;32m    669[0m [43m        [49m[38;5;28;43mformat[39;49m[38;5;241;43m=[39;49m[38;5;28;43mformat[39;49m[43m,[49m
[0;32m    670[0m [43m        [49m[43mgroup[49m[38;5;241;43m=[39;49m[43mgroup[49m[43m,[49m
[0;32m    671[0m [43m        [49m[43mclobber[49m[38;5;241;43m=[39;49m[43mclobber[49m[43m,[49m
[0;32m    672[0m [43m        [49m[43mdiskless[49m[38;5;241;43m=[39;49m[43mdiskless[49m[43m,[49m
[0;32m    673[0m [43m        [49m[43mpersist[49m[38;5;241;43m=[39;49m[43mpersist[49m[43m,[49m
[0;32m    674[0m [43m        [49m[43mauto_complex[49m[38;5;241;43m=[39;49m[43mauto_complex[49m[43m,[49m
[0;32m    675[0m [43m        [49m[43mlock[49m[38;5;241;43m=[39;49m[43mlock[49m[43m,[49m
[0;32m    676[0m [43m        [49m[43mautoclose[49m[38;5;241;43m=[39;49m[43mautoclose[49m[43m,[49m
[0;32m    677[0m [43m    [49m[43m)[49m
[0;32m    679[0m     store_entrypoint [38;5;241m=[39m StoreBackendEntrypoint()
[0;32m    680[0m     [38;5;28;01mwith[39;00m close_on_error(store):

File [1;32m~\AppData\Local\miniconda3\Lib\site-packages\xarray\backends\netCDF4_.py:452[0m, in [0;36mNetCDF4DataStore.open[1;34m(cls, filename, mode, format, group, clobber, diskless, persist, auto_complex, lock, lock_maker, autoclose)[0m
[0;32m    448[0m     kwargs[[38;5;124m"[39m[38;5;124mauto_complex[39m[38;5;124m"[39m] [38;5;241m=[39m auto_complex
[0;32m    449[0m manager [38;5;241m=[39m CachingFileManager(
[0;32m    450[0m     netCDF4[38;5;241m.[39mDataset, filename, mode[38;5;241m=[39mmode, kwargs[38;5;241m=[39mkwargs
[0;32m    451[0m )
[1;32m--> 452[0m [38;5;28;01mreturn[39;00m [38;5;28;43mcls[39;49m[43m([49m[43mmanager[49m[43m,[49m[43m [49m[43mgroup[49m[38;5;241;43m=[39;49m[43mgroup[49m[43m,[49m[43m [49m[43mmode[49m[38;5;241;43m=[39;49m[43mmode[49m[43m,[49m[43m [49m[43mlock[49m[38;5;241;43m=[39;49m[43mlock[49m[43m,[49m[43m [49m[43mautoclose[49m[38;5;241;43m=[39;49m[43mautoclose[49m[43m)[49m

File [1;32m~\AppData\Local\miniconda3\Lib\site-packages\xarray\backends\netCDF4_.py:393[0m, in [0;36mNetCDF4DataStore.__init__[1;34m(self, manager, group, mode, lock, autoclose)[0m
[0;32m    391[0m [38;5;28mself[39m[38;5;241m.[39m_group [38;5;241m=[39m group
[0;32m    392[0m [38;5;28mself[39m[38;5;241m.[39m_mode [38;5;241m=[39m mode
[1;32m--> 393[0m [38;5;28mself[39m[38;5;241m.[39mformat [38;5;241m=[39m [38;5;28;43mself[39;49m[38;5;241;43m.[39;49m[43mds[49m[38;5;241m.[39mdata_model
[0;32m    394[0m [38;5;28mself[39m[38;5;241m.[39m_filename [38;5;241m=[39m [38;5;28mself[39m[38;5;241m.[39mds[38;5;241m.[39mfilepath()
[0;32m    395[0m [38;5;28mself[39m[38;5;241m.[39mis_remote [38;5;241m=[39m is_remote_uri([38;5;28mself[39m[38;5;241m.[39m_filename)

File [1;32m~\AppData\Local\miniconda3\Lib\site-packages\xarray\backends\netCDF4_.py:461[0m, in [0;36mNetCDF4DataStore.ds[1;34m(self)[0m
[0;32m    459[0m [38;5;129m@property[39m
[0;32m    460[0m [38;5;28;01mdef[39;00m [38;5;21mds[39m([38;5;28mself[39m):
[1;32m--> 461[0m     [38;5;28;01mreturn[39;00m [38;5;28;43mself[39;49m[38;5;241;43m.[39;49m[43m_acquire[49m[43m([49m[43m)[49m

File [1;32m~\AppData\Local\miniconda3\Lib\site-packages\xarray\backends\netCDF4_.py:455[0m, in [0;36mNetCDF4DataStore._acquire[1;34m(self, needs_lock)[0m
[0;32m    454[0m [38;5;28;01mdef[39;00m [38;5;21m_acquire[39m([38;5;28mself[39m, needs_lock[38;5;241m=[39m[38;5;28;01mTrue[39;00m):
[1;32m--> 455[0m     [38;5;28;01mwith[39;00m [38;5;28mself[39m[38;5;241m.[39m_manager[38;5;241m.[39macquire_context(needs_lock) [38;5;28;01mas[39;00m root:
[0;32m    456[0m         ds [38;5;241m=[39m _nc4_require_group(root, [38;5;28mself[39m[38;5;241m.[39m_group, [38;5;28mself[39m[38;5;241m.[39m_mode)
[0;32m    457[0m     [38;5;28;01mreturn[39;00m ds

File [1;32m~\AppData\Local\miniconda3\Lib\contextlib.py:137[0m, in [0;36m_GeneratorContextManager.__enter__[1;34m(self)[0m
[0;32m    135[0m [38;5;28;01mdel[39;00m [38;5;28mself[39m[38;5;241m.[39margs, [38;5;28mself[39m[38;5;241m.[39mkwds, [38;5;28mself[39m[38;5;241m.[39mfunc
[0;32m    136[0m [38;5;28;01mtry[39;00m:
[1;32m--> 137[0m     [38;5;28;01mreturn[39;00m [38;5;28;43mnext[39;49m[43m([49m[38;5;28;43mself[39;49m[38;5;241;43m.[39;49m[43mgen[49m[43m)[49m
[0;32m    138[0m [38;5;28;01mexcept[39;00m [38;5;167;01mStopIteration[39;00m:
[0;32m    139[0m     [38;5;28;01mraise[39;00m [38;5;167;01mRuntimeError[39;00m([38;5;124m"[39m[38;5;124mgenerator didn[39m[38;5;124m'[39m[38;5;124mt yield[39m[38;5;124m"[39m) [38;5;28;01mfrom[39;00m [38;5;28;01mNone[39;00m

File [1;32m~\AppData\Local\miniconda3\Lib\site-packages\xarray\backends\file_manager.py:199[0m, in [0;36mCachingFileManager.acquire_context[1;34m(self, needs_lock)[0m
[0;32m    196[0m [38;5;129m@contextlib[39m[38;5;241m.[39mcontextmanager
[0;32m    197[0m [38;5;28;01mdef[39;00m [38;5;21macquire_context[39m([38;5;28mself[39m, needs_lock[38;5;241m=[39m[38;5;28;01mTrue[39;00m):
[0;32m    198[0m [38;5;250m    [39m[38;5;124;03m"""Context manager for acquiring a file."""[39;00m
[1;32m--> 199[0m     file, cached [38;5;241m=[39m [38;5;28;43mself[39;49m[38;5;241;43m.[39;49m[43m_acquire_with_cache_info[49m[43m([49m[43mneeds_lock[49m[43m)[49m
[0;32m    200[0m     [38;5;28;01mtry[39;00m:
[0;32m    201[0m         [38;5;28;01myield[39;00m file

File [1;32m~\AppData\Local\miniconda3\Lib\site-packages\xarray\backends\file_manager.py:217[0m, in [0;36mCachingFileManager._acquire_with_cache_info[1;34m(self, needs_lock)[0m
[0;32m    215[0m     kwargs [38;5;241m=[39m kwargs[38;5;241m.[39mcopy()
[0;32m    216[0m     kwargs[[38;5;124m"[39m[38;5;124mmode[39m[38;5;124m"[39m] [38;5;241m=[39m [38;5;28mself[39m[38;5;241m.[39m_mode
[1;32m--> 217[0m file [38;5;241m=[39m [38;5;28;43mself[39;49m[38;5;241;43m.[39;49m[43m_opener[49m[43m([49m[38;5;241;43m*[39;49m[38;5;28;43mself[39;49m[38;5;241;43m.[39;49m[43m_args[49m[43m,[49m[43m [49m[38;5;241;43m*[39;49m[38;5;241;43m*[39;49m[43mkwargs[49m[43m)[49m
[0;32m    218[0m [38;5;28;01mif[39;00m [38;5;28mself[39m[38;5;241m.[39m_mode [38;5;241m==[39m [38;5;124m"[39m[38;5;124mw[39m[38;5;124m"[39m:
[0;32m    219[0m     [38;5;66;03m# ensure file doesn't get overridden when opened again[39;00m
[0;32m    220[0m     [38;5;28mself[39m[38;5;241m.[39m_mode [38;5;241m=[39m [38;5;124m"[39m[38;5;124ma[39m[38;5;124m"[39m

File [1;32msrc\\netCDF4\\_netCDF4.pyx:2521[0m, in [0;36mnetCDF4._netCDF4.Dataset.__init__[1;34m()[0m

File [1;32msrc\\netCDF4\\_netCDF4.pyx:2158[0m, in [0;36mnetCDF4._netCDF4._ensure_nc_success[1;34m()[0m

[1;31mFileNotFoundError[0m: [Errno 2] No such file or directory: 'C:\\Users\\mgebremedhin\\Documents\\FGCU\\Notebook\\NBI\\_sources\\PCP\\ACCESS-CM2_ssp585_r1i1p1f1_RegCM_Daymet_VIC4_prcp_yr_1980_2019.nc'

