Traceback (most recent call last):
  File "C:\Users\mgebremedhin\AppData\Local\miniconda3\Lib\site-packages\jupyter_cache\executors\utils.py", line 58, in single_nb_execution
    executenb(
  File "C:\Users\mgebremedhin\AppData\Local\miniconda3\Lib\site-packages\nbclient\client.py", line 1314, in execute
    return NotebookClient(nb=nb, resources=resources, km=km, **kwargs).execute()
           ^^^^^^^^^^^^^^^^^^^^^^^^^^^^^^^^^^^^^^^^^^^^^^^^^^^^^^^^^^^^^^^^^^^^^
  File "C:\Users\mgebremedhin\AppData\Local\miniconda3\Lib\site-packages\jupyter_core\utils\__init__.py", line 165, in wrapped
    return loop.run_until_complete(inner)
           ^^^^^^^^^^^^^^^^^^^^^^^^^^^^^^
  File "C:\Users\mgebremedhin\AppData\Local\miniconda3\Lib\asyncio\base_events.py", line 687, in run_until_complete
    return future.result()
           ^^^^^^^^^^^^^^^
  File "C:\Users\mgebremedhin\AppData\Local\miniconda3\Lib\site-packages\nbclient\client.py", line 709, in async_execute
    await self.async_execute_cell(
  File "C:\Users\mgebremedhin\AppData\Local\miniconda3\Lib\site-packages\nbclient\client.py", line 1062, in async_execute_cell
    await self._check_raise_for_error(cell, cell_index, exec_reply)
  File "C:\Users\mgebremedhin\AppData\Local\miniconda3\Lib\site-packages\nbclient\client.py", line 918, in _check_raise_for_error
    raise CellExecutionError.from_cell_and_msg(cell, exec_reply_content)
nbclient.exceptions.CellExecutionError: An error occurred while executing the following cell:
------------------
import flopy.utils.binaryfile as bf
import pandas as pd
import numpy as np

def extract_surface_head_timeseries(bdh_file, col, row):
    """
    Extracts the head values from the first non-dry (saturated) layer for a given column and row.
    
    Parameters:
        bdh_file (str): Path to the MODFLOW binary head file.
        col (int): Column index.
        row (int): Row index.

    Returns:
        pd.DataFrame: DataFrame containing Time and Surface Head values.
    """
    # Load binary head file
    head_obj = bf.HeadFile(bdh_file)
    
    # Get simulation times
    times = head_obj.get_times()
    
    # Extract surface heads
    surface_heads = []
    
    for t in times:
        heads = head_obj.get_data(totim=t)  # 3D array of heads at this time step
        
        # Find the first non-dry (saturated) layer
        surface_head = np.nan  # Default to NaN if all layers are dry
        for layer in range(heads.shape[0]):
            if heads[layer, row, col] > -9999:  # Assuming -9999 is the MODFLOW dry cell value
                surface_head = heads[layer, row, col]
                break  # Stop at the first valid layer
        
        surface_heads.append(surface_head)
    
    # Create DataFrame
    df = pd.DataFrame({'Time': times, 'Surface_Head': surface_heads})
    
    return df

# Example Usage
bdh_file = "C:/Users/mgebremedhin/Documents/FGCU/BISECT/Model_new/farfuture/output/Output.future/timeBB.uhd"#timeBB.uhd"

# Specify row and column
col, row = 204,118  # Example coordinates

# Extract surface head data
surface_head_df = extract_surface_head_timeseries(bdh_file, col, row)

# Display the first few rows
print(surface_head_df.head())

# Save to CSV (optional)
surface_head_df.to_csv(f"C:/Users/mgebremedhin/Documents/FGCU/BISECT/PostProcessing/BISECT_Validation/GWL_head_timeseries_farfuture_SD_D_6hr_Head_grid_{col}_{row}.csv", index=False)

------------------


[1;31m---------------------------------------------------------------------------[0m
[1;31mFileNotFoundError[0m                         Traceback (most recent call last)
Cell [1;32mIn[1], line 50[0m
[0;32m     47[0m col, row [38;5;241m=[39m [38;5;241m204[39m,[38;5;241m118[39m  [38;5;66;03m# Example coordinates[39;00m
[0;32m     49[0m [38;5;66;03m# Extract surface head data[39;00m
[1;32m---> 50[0m surface_head_df [38;5;241m=[39m [43mextract_surface_head_timeseries[49m[43m([49m[43mbdh_file[49m[43m,[49m[43m [49m[43mcol[49m[43m,[49m[43m [49m[43mrow[49m[43m)[49m
[0;32m     52[0m [38;5;66;03m# Display the first few rows[39;00m
[0;32m     53[0m [38;5;28mprint[39m(surface_head_df[38;5;241m.[39mhead())

Cell [1;32mIn[1], line 18[0m, in [0;36mextract_surface_head_timeseries[1;34m(bdh_file, col, row)[0m
[0;32m      6[0m [38;5;250m[39m[38;5;124;03m"""[39;00m
[0;32m      7[0m [38;5;124;03mExtracts the head values from the first non-dry (saturated) layer for a given column and row.[39;00m
[0;32m      8[0m [38;5;124;03m[39;00m
[1;32m   (...)[0m
[0;32m     15[0m [38;5;124;03m    pd.DataFrame: DataFrame containing Time and Surface Head values.[39;00m
[0;32m     16[0m [38;5;124;03m"""[39;00m
[0;32m     17[0m [38;5;66;03m# Load binary head file[39;00m
[1;32m---> 18[0m head_obj [38;5;241m=[39m [43mbf[49m[38;5;241;43m.[39;49m[43mHeadFile[49m[43m([49m[43mbdh_file[49m[43m)[49m
[0;32m     20[0m [38;5;66;03m# Get simulation times[39;00m
[0;32m     21[0m times [38;5;241m=[39m head_obj[38;5;241m.[39mget_times()

File [1;32m~\AppData\Local\miniconda3\Lib\site-packages\flopy\utils\binaryfile.py:657[0m, in [0;36mHeadFile.__init__[1;34m(self, filename, text, precision, verbose, **kwargs)[0m
[0;32m    655[0m [38;5;28mself[39m[38;5;241m.[39mtext [38;5;241m=[39m text[38;5;241m.[39mencode()
[0;32m    656[0m [38;5;28;01mif[39;00m precision [38;5;241m==[39m [38;5;124m"[39m[38;5;124mauto[39m[38;5;124m"[39m:
[1;32m--> 657[0m     precision [38;5;241m=[39m [43mget_headfile_precision[49m[43m([49m[43mfilename[49m[43m)[49m
[0;32m    658[0m     [38;5;28;01mif[39;00m precision [38;5;241m==[39m [38;5;124m"[39m[38;5;124munknown[39m[38;5;124m"[39m:
[0;32m    659[0m         s [38;5;241m=[39m [38;5;124mf[39m[38;5;124m"[39m[38;5;124mError. Precision could not be determined for [39m[38;5;132;01m{[39;00mfilename[38;5;132;01m}[39;00m[38;5;124m"[39m

File [1;32m~\AppData\Local\miniconda3\Lib\site-packages\flopy\utils\binaryfile.py:399[0m, in [0;36mget_headfile_precision[1;34m(filename)[0m
[0;32m    396[0m result [38;5;241m=[39m [38;5;124m"[39m[38;5;124munknown[39m[38;5;124m"[39m
[0;32m    398[0m [38;5;66;03m# Open file, and check filesize to ensure this is not an empty file[39;00m
[1;32m--> 399[0m f [38;5;241m=[39m [38;5;28;43mopen[39;49m[43m([49m[43mfilename[49m[43m,[49m[43m [49m[38;5;124;43m"[39;49m[38;5;124;43mrb[39;49m[38;5;124;43m"[39;49m[43m)[49m
[0;32m    400[0m f[38;5;241m.[39mseek([38;5;241m0[39m, [38;5;241m2[39m)
[0;32m    401[0m totalbytes [38;5;241m=[39m f[38;5;241m.[39mtell()

[1;31mFileNotFoundError[0m: [Errno 2] No such file or directory: 'C:/Users/mgebremedhin/Documents/FGCU/BISECT/Model_new/farfuture/output/Output.future/timeBB.uhd'

